[    0.000000] Linux version 4.15.0-194-generic (buildd@lcy02-amd64-052) (gcc version 7.5.0 (Ubuntu 7.5.0-3ubuntu1~18.04)) #205-Ubuntu SMP Fri Sep 16 19:49:27 UTC 2022 (Ubuntu 4.15.0-194.205-generic 4.15.18)
[    0.000000] Command line: BOOT_IMAGE=/boot/vmlinuz-4.15.0-194-generic root=LABEL=cloudimg-rootfs ro console=tty1 console=ttyS0
[    0.000000] KERNEL supported cpus:
[    0.000000]   Intel GenuineIntel
[    0.000000]   AMD AuthenticAMD
[    0.000000]   Centaur CentaurHauls
[    0.000000] x86/fpu: x87 FPU will use FXSAVE
[    0.000000] e820: BIOS-provided physical RAM map:
[    0.000000] BIOS-e820: [mem 0x0000000000000000-0x000000000009fbff] usable
[    0.000000] BIOS-e820: [mem 0x000000000009fc00-0x000000000009ffff] reserved
[    0.000000] BIOS-e820: [mem 0x00000000000f0000-0x00000000000fffff] reserved
[    0.000000] BIOS-e820: [mem 0x0000000000100000-0x000000003ffeffff] usable
[    0.000000] BIOS-e820: [mem 0x000000003fff0000-0x000000003fffffff] ACPI data
[    0.000000] BIOS-e820: [mem 0x00000000fec00000-0x00000000fec00fff] reserved
[    0.000000] BIOS-e820: [mem 0x00000000fee00000-0x00000000fee00fff] reserved
[    0.000000] BIOS-e820: [mem 0x00000000fffc0000-0x00000000ffffffff] reserved
[    0.000000] NX (Execute Disable) protection: active
[    0.000000] SMBIOS 2.5 present.
[    0.000000] DMI: innotek GmbH VirtualBox/VirtualBox, BIOS VirtualBox 12/01/2006
[    0.000000] Hypervisor detected: KVM
[    0.000000] e820: last_pfn = 0x3fff0 max_arch_pfn = 0x400000000
[    0.000000] MTRR: Disabled
[    0.000000] x86/PAT: MTRRs disabled, skipping PAT initialization too.
[    0.000000] CPU MTRRs all blank - virtualized system.
[    0.000000] x86/PAT: Configuration [0-7]: WB  WT  UC- UC  WB  WT  UC- UC  
[    0.000000] found SMP MP-table at [mem 0x0009fff0-0x0009ffff]
[    0.000000] Scanning 1 areas for low memory corruption
[    0.000000] RAMDISK: [mem 0x359cb000-0x36cdcfff]
[    0.000000] ACPI: Early table checksum verification disabled
[    0.000000] ACPI: RSDP 0x00000000000E0000 000024 (v02 VBOX  )
[    0.000000] ACPI: XSDT 0x000000003FFF0030 00003C (v01 VBOX   VBOXXSDT 00000001 ASL  00000061)
[    0.000000] ACPI: FACP 0x000000003FFF00F0 0000F4 (v04 VBOX   VBOXFACP 00000001 ASL  00000061)
[    0.000000] ACPI: DSDT 0x000000003FFF0610 002353 (v02 VBOX   VBOXBIOS 00000002 INTL 20100528)
[    0.000000] ACPI: FACS 0x000000003FFF0200 000040
[    0.000000] ACPI: FACS 0x000000003FFF0200 000040
[    0.000000] ACPI: APIC 0x000000003FFF0240 00005C (v02 VBOX   VBOXAPIC 00000001 ASL  00000061)
[    0.000000] ACPI: SSDT 0x000000003FFF02A0 00036C (v01 VBOX   VBOXCPUT 00000002 INTL 20100528)
[    0.000000] ACPI: Reserving FACP table memory at [mem 0x3fff00f0-0x3fff01e3]
[    0.000000] ACPI: Reserving DSDT table memory at [mem 0x3fff0610-0x3fff2962]
[    0.000000] ACPI: Reserving FACS table memory at [mem 0x3fff0200-0x3fff023f]
[    0.000000] ACPI: Reserving FACS table memory at [mem 0x3fff0200-0x3fff023f]
[    0.000000] ACPI: Reserving APIC table memory at [mem 0x3fff0240-0x3fff029b]
[    0.000000] ACPI: Reserving SSDT table memory at [mem 0x3fff02a0-0x3fff060b]
[    0.000000] No NUMA configuration found
[    0.000000] Faking a node at [mem 0x0000000000000000-0x000000003ffeffff]
[    0.000000] NODE_DATA(0) allocated [mem 0x3ffc5000-0x3ffeffff]
[    0.000000] kvm-clock: cpu 0, msr 0:3ff44001, primary cpu clock
[    0.000000] kvm-clock: Using msrs 4b564d01 and 4b564d00
[    0.000000] kvm-clock: using sched offset of 5093457754 cycles
[    0.000000] clocksource: kvm-clock: mask: 0xffffffffffffffff max_cycles: 0x1cd42e4dffb, max_idle_ns: 881590591483 ns
[    0.000000] Zone ranges:
[    0.000000]   DMA      [mem 0x0000000000001000-0x0000000000ffffff]
[    0.000000]   DMA32    [mem 0x0000000001000000-0x000000003ffeffff]
[    0.000000]   Normal   empty
[    0.000000]   Device   empty
[    0.000000] Movable zone start for each node
[    0.000000] Early memory node ranges
[    0.000000]   node   0: [mem 0x0000000000001000-0x000000000009efff]
[    0.000000]   node   0: [mem 0x0000000000100000-0x000000003ffeffff]
[    0.000000] Reserved but unavailable: 104 pages
[    0.000000] Initmem setup node 0 [mem 0x0000000000001000-0x000000003ffeffff]
[    0.000000] ACPI: PM-Timer IO Port: 0x4008
[    0.000000] IOAPIC[0]: apic_id 2, version 32, address 0xfec00000, GSI 0-23
[    0.000000] ACPI: INT_SRC_OVR (bus 0 bus_irq 0 global_irq 2 dfl dfl)
[    0.000000] ACPI: INT_SRC_OVR (bus 0 bus_irq 9 global_irq 9 low level)
[    0.000000] Using ACPI (MADT) for SMP configuration information
[    0.000000] smpboot: Allowing 2 CPUs, 0 hotplug CPUs
[    0.000000] PM: Registered nosave memory: [mem 0x00000000-0x00000fff]
[    0.000000] PM: Registered nosave memory: [mem 0x0009f000-0x0009ffff]
[    0.000000] PM: Registered nosave memory: [mem 0x000a0000-0x000effff]
[    0.000000] PM: Registered nosave memory: [mem 0x000f0000-0x000fffff]
[    0.000000] e820: [mem 0x40000000-0xfebfffff] available for PCI devices
[    0.000000] Booting paravirtualized kernel on KVM
[    0.000000] clocksource: refined-jiffies: mask: 0xffffffff max_cycles: 0xffffffff, max_idle_ns: 7645519600211568 ns
[    0.000000] setup_percpu: NR_CPUS:8192 nr_cpumask_bits:2 nr_cpu_ids:2 nr_node_ids:1
[    0.000000] percpu: Embedded 50 pages/cpu s167936 r8192 d28672 u1048576
[    0.000000] PV qspinlock hash table entries: 256 (order: 0, 4096 bytes)
[    0.000000] Built 1 zonelists, mobility grouping on.  Total pages: 257913
[    0.000000] Policy zone: DMA32
[    0.000000] Kernel command line: BOOT_IMAGE=/boot/vmlinuz-4.15.0-194-generic root=LABEL=cloudimg-rootfs ro console=tty1 console=ttyS0
[    0.000000] Memory: 982652K/1048120K available (12300K kernel code, 2477K rwdata, 4320K rodata, 2472K init, 2720K bss, 65468K reserved, 0K cma-reserved)
[    0.000000] SLUB: HWalign=64, Order=0-3, MinObjects=0, CPUs=2, Nodes=1
[    0.000000] ftrace: allocating 39477 entries in 155 pages
[    0.004000] Hierarchical RCU implementation.
[    0.004000] 	RCU restricting CPUs from NR_CPUS=8192 to nr_cpu_ids=2.
[    0.004000] 	Tasks RCU enabled.
[    0.004000] RCU: Adjusting geometry for rcu_fanout_leaf=16, nr_cpu_ids=2
[    0.004000] NR_IRQS: 524544, nr_irqs: 440, preallocated irqs: 16
[    0.004000] random: crng init done
[    0.004000] Console: colour VGA+ 80x25
[    0.004000] console [tty1] enabled
[    0.004000] console [ttyS0] enabled
[    0.004000] ACPI: Core revision 20170831
[    0.004000] ACPI: 2 ACPI AML tables successfully acquired and loaded
[    0.004000] APIC: Switch to symmetric I/O mode setup
[    0.004000] ..TIMER: vector=0x30 apic1=0 pin1=2 apic2=-1 pin2=-1
[    0.004013] tsc: Detected 2112.008 MHz processor
[    0.008023] Calibrating delay loop (skipped) preset value.. 4224.01 BogoMIPS (lpj=8448032)
[    0.012011] pid_max: default: 32768 minimum: 301
[    0.016155] Security Framework initialized
[    0.020012] Yama: becoming mindful.
[    0.024155] AppArmor: AppArmor initialized
[    0.037662] Dentry cache hash table entries: 131072 (order: 8, 1048576 bytes)
[    0.046438] Inode-cache hash table entries: 65536 (order: 7, 524288 bytes)
[    0.048135] Mount-cache hash table entries: 2048 (order: 2, 16384 bytes)
[    0.052162] Mountpoint-cache hash table entries: 2048 (order: 2, 16384 bytes)
[    0.060933] Last level iTLB entries: 4KB 64, 2MB 8, 4MB 8
[    0.064016] Last level dTLB entries: 4KB 64, 2MB 0, 4MB 0, 1GB 4
[    0.068039] Spectre V1 : Mitigation: usercopy/swapgs barriers and __user pointer sanitization
[    0.072015] Spectre V2 : Mitigation: Enhanced IBRS
[    0.076007] Spectre V2 : Spectre v2 / SpectreRSB mitigation: Filling RSB on context switch
[    0.080008] Speculative Store Bypass: Vulnerable
[    0.084082] MMIO Stale Data: Vulnerable: Clear CPU buffers attempted, no microcode
[    0.088010] SRBDS: Unknown: Dependent on hypervisor status
[    0.092261] Freeing SMP alternatives memory: 36K
[    0.212182] APIC calibration not consistent with PM-Timer: 102ms instead of 100ms
[    0.216000] APIC delta adjusted to PM-Timer: 6291991 (6461774)
[    0.216730] smpboot: CPU0: Intel(R) Core(TM) i5-10210U CPU @ 1.60GHz (family: 0x6, model: 0x8e, stepping: 0xc)
[    0.224614] Performance Events: unsupported p6 CPU model 142 no PMU driver, software events only.
[    0.228319] Hierarchical SRCU implementation.
[    0.234190] NMI watchdog: Perf event create on CPU 0 failed with -2
[    0.236008] NMI watchdog: Perf NMI watchdog permanently disabled
[    0.240636] smp: Bringing up secondary CPUs ...
[    0.246249] x86: Booting SMP configuration:
[    0.248007] .... node  #0, CPUs:      #1
[    0.004000] kvm-clock: cpu 1, msr 0:3ff44041, secondary cpu clock
[    0.268000] TSC synchronization [CPU#0 -> CPU#1]:
[    0.268000] Measured 67121 cycles TSC warp between CPUs, turning off TSC clock.
[    0.268000] tsc: Marking TSC unstable due to check_tsc_sync_source failed
[    0.280908] smp: Brought up 1 node, 2 CPUs
[    0.284029] smpboot: Max logical packages: 1
[    0.288028] smpboot: Total of 2 processors activated (8448.03 BogoMIPS)
[    0.304443] devtmpfs: initialized
[    0.308503] x86/mm: Memory block size: 128MB
[    0.317116] evm: security.selinux
[    0.320021] evm: security.SMACK64
[    0.324024] evm: security.SMACK64EXEC
[    0.328018] evm: security.SMACK64TRANSMUTE
[    0.332019] evm: security.SMACK64MMAP
[    0.340016] evm: security.apparmor
[    0.344010] evm: security.ima
[    0.348010] evm: security.capability
[    0.356237] clocksource: jiffies: mask: 0xffffffff max_cycles: 0xffffffff, max_idle_ns: 7645041785100000 ns
[    0.396023] futex hash table entries: 512 (order: 3, 32768 bytes)
[    0.404426] pinctrl core: initialized pinctrl subsystem
[    0.409603] RTC time: 19:22:08, date: 01/14/23
[    0.417864] NET: Registered protocol family 16
[    0.420374] audit: initializing netlink subsys (disabled)
[    0.428013] audit: type=2000 audit(1673724132.896:1): state=initialized audit_enabled=0 res=1
[    0.444017] cpuidle: using governor ladder
[    0.448031] cpuidle: using governor menu
[    0.452094] ACPI: bus type PCI registered
[    0.456011] acpiphp: ACPI Hot Plug PCI Controller Driver version: 0.5
[    0.461433] PCI: Using configuration type 1 for base access
[    0.476741] HugeTLB registered 2.00 MiB page size, pre-allocated 0 pages
[    0.485354] ACPI: Added _OSI(Module Device)
[    0.488024] ACPI: Added _OSI(Processor Device)
[    0.492022] ACPI: Added _OSI(3.0 _SCP Extensions)
[    0.496024] ACPI: Added _OSI(Processor Aggregator Device)
[    0.500022] ACPI: Added _OSI(Linux-Dell-Video)
[    0.504024] ACPI: Added _OSI(Linux-Lenovo-NV-HDMI-Audio)
[    0.508027] ACPI: Added _OSI(Linux-HPI-Hybrid-Graphics)
[    0.514625] ACPI: Executed 1 blocks of module-level executable AML code
[    0.529247] ACPI: Interpreter enabled
[    0.532041] ACPI: (supports S0 S5)
[    0.536007] ACPI: Using IOAPIC for interrupt routing
[    0.541048] PCI: Using host bridge windows from ACPI; if necessary, use "pci=nocrs" and report a bug
[    0.544609] ACPI: Enabled 2 GPEs in block 00 to 07
[    0.580498] ACPI: PCI Root Bridge [PCI0] (domain 0000 [bus 00-ff])
[    0.584035] acpi PNP0A03:00: _OSC: OS supports [ASPM ClockPM Segments MSI]
[    0.590652] acpi PNP0A03:00: _OSC: not requesting OS control; OS requires [ExtendedConfig ASPM ClockPM MSI]
[    0.592114] acpi PNP0A03:00: fail to add MMCONFIG information, can't access extended PCI configuration space under this bridge.
[    0.601925] PCI host bridge to bus 0000:00
[    0.604018] pci_bus 0000:00: root bus resource [io  0x0000-0x0cf7 window]
[    0.608017] pci_bus 0000:00: root bus resource [io  0x0d00-0xffff window]
[    0.612021] pci_bus 0000:00: root bus resource [mem 0x000a0000-0x000bffff window]
[    0.616019] pci_bus 0000:00: root bus resource [mem 0x40000000-0xfdffffff window]
[    0.620020] pci_bus 0000:00: root bus resource [bus 00-ff]
[    0.644265] pci 0000:00:01.1: legacy IDE quirk: reg 0x10: [io  0x01f0-0x01f7]
[    0.648017] pci 0000:00:01.1: legacy IDE quirk: reg 0x14: [io  0x03f6]
[    0.652016] pci 0000:00:01.1: legacy IDE quirk: reg 0x18: [io  0x0170-0x0177]
[    0.656016] pci 0000:00:01.1: legacy IDE quirk: reg 0x1c: [io  0x0376]
[    0.712964] pci 0000:00:07.0: quirk: [io  0x4000-0x403f] claimed by PIIX4 ACPI
[    0.716095] pci 0000:00:07.0: quirk: [io  0x4100-0x410f] claimed by PIIX4 SMB
[    0.737948] ACPI: PCI Interrupt Link [LNKA] (IRQs 5 9 10 *11)
[    0.744018] ACPI: PCI Interrupt Link [LNKB] (IRQs 5 9 *10 11)
[    0.748589] ACPI: PCI Interrupt Link [LNKC] (IRQs 5 *9 10 11)
[    0.752537] ACPI: PCI Interrupt Link [LNKD] (IRQs 5 9 10 *11)
[    0.758127] SCSI subsystem initialized
[    0.764307] pci 0000:00:02.0: vgaarb: setting as boot VGA device
[    0.768000] pci 0000:00:02.0: vgaarb: VGA device added: decodes=io+mem,owns=io+mem,locks=none
[    0.768015] pci 0000:00:02.0: vgaarb: bridge control possible
[    0.772008] vgaarb: loaded
[    0.776041] ACPI: bus type USB registered
[    0.780112] usbcore: registered new interface driver usbfs
[    0.784033] usbcore: registered new interface driver hub
[    0.788017] usbcore: registered new device driver usb
[    0.796230] EDAC MC: Ver: 3.0.0
[    0.808707] PCI: Using ACPI for IRQ routing
[    0.813706] NetLabel: Initializing
[    0.816008] NetLabel:  domain hash size = 128
[    0.820003] NetLabel:  protocols = UNLABELED CIPSOv4 CALIPSO
[    0.828061] NetLabel:  unlabeled traffic allowed by default
[    0.832500] clocksource: Switched to clocksource kvm-clock
[    0.865777] VFS: Disk quotas dquot_6.6.0
[    0.865777] VFS: Dquot-cache hash table entries: 512 (order 0, 4096 bytes)
[    0.865777] AppArmor: AppArmor Filesystem Enabled
[    0.865777] pnp: PnP ACPI init
[    0.865777] pnp: PnP ACPI: found 3 devices
[    1.044832] clocksource: acpi_pm: mask: 0xffffff max_cycles: 0xffffff, max_idle_ns: 2085701024 ns
[    1.048760] NET: Registered protocol family 2
[    1.048760] IP idents hash table entries: 16384 (order: 5, 131072 bytes)
[    1.078730] TCP established hash table entries: 8192 (order: 4, 65536 bytes)
[    1.097433] TCP bind hash table entries: 8192 (order: 5, 131072 bytes)
[    1.112238] TCP: Hash tables configured (established 8192 bind 8192)
[    1.114966] UDP hash table entries: 512 (order: 2, 16384 bytes)
[    1.114966] UDP-Lite hash table entries: 512 (order: 2, 16384 bytes)
[    1.114966] NET: Registered protocol family 1
[    1.114966] pci 0000:00:00.0: Limiting direct PCI/PCI transfers
[    1.114966] pci 0000:00:01.0: Activating ISA DMA hang workarounds
[    1.114966] pci 0000:00:02.0: Video device with shadowed ROM at [mem 0x000c0000-0x000dffff]
[    1.114966] Unpacking initramfs...
[    1.836287] Freeing initrd memory: 19528K
[    2.409450] clocksource: tsc: mask: 0xffffffffffffffff max_cycles: 0x1e718049bae, max_idle_ns: 440795311094 ns
[    2.490120] platform rtc_cmos: registered platform RTC device (no PNP device found)
[    2.537431] Scanning for low memory corruption every 60 seconds
[    2.595350] Initialise system trusted keyrings
[    2.610163] Key type blacklist registered
[    2.625866] workingset: timestamp_bits=36 max_order=18 bucket_order=0
[    2.653771] zbud: loaded
[    2.667369] squashfs: version 4.0 (2009/01/31) Phillip Lougher
[    2.689436] fuse init (API version 7.26)
[    2.809206] Key type asymmetric registered
[    2.823420] Asymmetric key parser 'x509' registered
[    2.840256] Block layer SCSI generic (bsg) driver version 0.4 loaded (major 246)
[    2.864834] io scheduler noop registered
[    2.878199] io scheduler deadline registered
[    2.890362] io scheduler cfq registered (default)
[    2.906952] ACPI: AC Adapter [AC] (off-line)
[    2.925490] input: Power Button as /devices/LNXSYSTM:00/LNXPWRBN:00/input/input0
[    2.955398] ACPI: Power Button [PWRF]
[    2.970954] input: Sleep Button as /devices/LNXSYSTM:00/LNXSLPBN:00/input/input1
[    2.998418] ACPI: Sleep Button [SLPF]
[    3.020759] Serial: 8250/16550 driver, 32 ports, IRQ sharing enabled
[    3.022812] ACPI: Battery Slot [BAT0] (battery present)
[    3.101763] 00:02: ttyS0 at I/O 0x3f8 (irq = 4, base_baud = 115200) is a 16550A
[    3.153192] Linux agpgart interface v0.103
[    3.250510] loop: module loaded
[    3.280052] scsi host0: ata_piix
[    3.293846] scsi host1: ata_piix
[    3.303825] ata1: PATA max UDMA/33 cmd 0x1f0 ctl 0x3f6 bmdma 0xd000 irq 14
[    3.307552] ata2: PATA max UDMA/33 cmd 0x170 ctl 0x376 bmdma 0xd008 irq 15
[    3.337287] tun: Universal TUN/TAP device driver, 1.6
[    3.349515] PPP generic driver version 2.4.2
[    3.357316] ehci_hcd: USB 2.0 'Enhanced' Host Controller (EHCI) Driver
[    3.371061] ehci-pci: EHCI PCI platform driver
[    3.380850] ehci-platform: EHCI generic platform driver
[    3.391353] ohci_hcd: USB 1.1 'Open' Host Controller (OHCI) Driver
[    3.403062] ohci-pci: OHCI PCI platform driver
[    3.411864] ohci-platform: OHCI generic platform driver
[    3.422319] uhci_hcd: USB Universal Host Controller Interface driver
[    3.432228] i8042: PNP: PS/2 Controller [PNP0303:PS2K,PNP0f03:PS2M] at 0x60,0x64 irq 1,12
[    3.450839] serio: i8042 KBD port at 0x60,0x64 irq 1
[    3.458672] serio: i8042 AUX port at 0x60,0x64 irq 12
[    3.467720] mousedev: PS/2 mouse device common for all mice
[    3.481843] input: AT Translated Set 2 keyboard as /devices/platform/i8042/serio0/input/input2
[    3.496651] rtc_cmos rtc_cmos: rtc core: registered rtc_cmos as rtc0
[    3.509887] rtc_cmos rtc_cmos: alarms up to one day, 114 bytes nvram
[    3.522546] i2c /dev entries driver
[    3.530106] device-mapper: uevent: version 1.0.3
[    3.540961] device-mapper: ioctl: 4.37.0-ioctl (2017-09-20) initialised: dm-devel@redhat.com
[    3.615550] ledtrig-cpu: registered to indicate activity on CPUs
[    3.668520] NET: Registered protocol family 10
[    3.763750] Segment Routing with IPv6
[    3.786936] NET: Registered protocol family 17
[    3.819671] Key type dns_resolver registered
[    3.841776] mce: Using 0 MCE banks
[    3.853051] RAS: Correctable Errors collector initialized.
[    3.869883] sched_clock: Marking stable (3869642336, 0)->(6406060507, -2536418171)
[    3.904673] registered taskstats version 1
[    3.919244] Loading compiled-in X.509 certificates
[    3.948126] Loaded X.509 cert 'Build time autogenerated kernel key: 6303a3b02fa1c7713b8a75ba7ba622fabd5dd271'
[    3.976617] Loaded X.509 cert 'Canonical Ltd. Live Patch Signing: 14df34d1a87cf37625abec039ef2bf521249b969'
[    3.998981] Loaded X.509 cert 'Canonical Ltd. Kernel Module Signing: 88f752e560a1e0737e31163a466ad7b70a850c19'
[    4.020851] blacklist: Loading compiled-in revocation X.509 certificates
[    4.036018] Loaded X.509 cert 'Canonical Ltd. Secure Boot Signing: 61482aa2830d0ab2ad5af10b7250da9033ddcef0'
[    4.055230] zswap: loaded using pool lzo/zbud
[    4.091300] Key type big_key registered
[    4.099126] Key type trusted registered
[    4.115677] Key type encrypted registered
[    4.123466] AppArmor: AppArmor sha1 policy hashing enabled
[    4.133904] ima: No TPM chip found, activating TPM-bypass! (rc=-19)
[    4.146525] ima: Allocated hash algorithm: sha1
[    4.156451] evm: HMAC attrs: 0x1
[    4.165772]   Magic number: 7:858:394
[    4.174656] rtc_cmos rtc_cmos: setting system clock to 2023-01-14 19:22:12 UTC (1673724132)
[    4.193792] BIOS EDD facility v0.16 2004-Jun-25, 0 devices found
[    4.206655] EDD information not available.
[    4.229450] Freeing unused kernel image memory: 2472K
[    4.252382] Write protecting the kernel read-only data: 20480k
[    4.265086] Freeing unused kernel image memory: 2008K
[    4.273889] Freeing unused kernel image memory: 1824K
[    4.300434] x86/mm: Checked W+X mappings: passed, no W+X pages found.
Loading, please wait...
starting version 237
[    4.535141] Fusion MPT base driver 3.04.20
[    4.551347] Copyright (c) 1999-2008 LSI Corporation
[    4.595213] e1000: Intel(R) PRO/1000 Network Driver - version 7.3.21-k8-NAPI
[    4.595189] Fusion MPT SPI Host driver 3.04.20
[    4.613332] e1000: Copyright (c) 1999-2006 Intel Corporation.
[    4.645973] mptbase: ioc0: Initiating bringup
[    4.780388] SSE version of gcm_enc/dec engaged.
[    4.858396] ioc0: LSI53C1030 A0: Capabilities={Initiator}
[    5.002899] input: ImExPS/2 Generic Explorer Mouse as /devices/platform/i8042/serio1/input/input4
[    5.222981] scsi host2: ioc0: LSI53C1030 A0, FwRev=00000000h, Ports=1, MaxQ=256, IRQ=20
[    5.416139] scsi 2:0:0:0: Direct-Access     VBOX     HARDDISK         1.0  PQ: 0 ANSI: 5
[    5.576595] scsi target2:0:0: Beginning Domain Validation
[    5.614780] scsi target2:0:0: Domain Validation skipping write tests
[    5.631198] scsi target2:0:0: Ending Domain Validation
[    5.645455] scsi target2:0:0: asynchronous
[    5.659848] scsi 2:0:1:0: Direct-Access     VBOX     HARDDISK         1.0  PQ: 0 ANSI: 5
[    5.956870] scsi target2:0:1: Beginning Domain Validation
[    6.018174] scsi target2:0:1: Domain Validation skipping write tests
[    6.037339] scsi target2:0:1: Ending Domain Validation
[    6.055485] scsi target2:0:1: asynchronous
[    6.114096] sd 2:0:0:0: [sda] 83886080 512-byte logical blocks: (42.9 GB/40.0 GiB)
[    6.138566] sd 2:0:0:0: Attached scsi generic sg0 type 0
[    6.152674] sd 2:0:0:0: [sda] Write Protect is off
[    6.165710] sd 2:0:1:0: [sdb] 20480 512-byte logical blocks: (10.5 MB/10.0 MiB)
[    6.179169] sd 2:0:1:0: Attached scsi generic sg1 type 0
[    6.191464] sd 2:0:1:0: [sdb] Write Protect is off
[    6.208757] sd 2:0:0:0: [sda] Incomplete mode parameter data
[    6.226953] sd 2:0:0:0: [sda] Assuming drive cache: write through
[    6.247861] sd 2:0:1:0: [sdb] Incomplete mode parameter data
[    6.263530] sd 2:0:1:0: [sdb] Assuming drive cache: write through
[    6.284798]  sda: sda1
[    6.302200] sd 2:0:0:0: [sda] Attached SCSI disk
[    6.313296] sd 2:0:1:0: [sdb] Attached SCSI disk
[    7.217125] e1000 0000:00:03.0 eth0: (PCI:33MHz:32-bit) 02:cf:fd:ba:38:06
[    7.254921] e1000 0000:00:03.0 eth0: Intel(R) PRO/1000 Network Connection
[    7.315066] e1000 0000:00:03.0 enp0s3: renamed from eth0
Begin: Loading essential drivers ... [   11.438486] raid6: sse2x1   gen() 34052 MB/s
[   12.437632] raid6: sse2x1   xor() 64867 MB/s
[   13.438222] raid6: sse2x2   gen() 129103 MB/s
[   14.439783] raid6: sse2x2   xor() 97929 MB/s
[   16.436270] raid6: sse2x4   gen() 138589 MB/s
[   16.497246] raid6: sse2x4   xor()  3481 MB/s
[   16.510254] raid6: using algorithm sse2x4 gen() 138589 MB/s
[   16.525217] raid6: .... xor() 3481 MB/s, rmw enabled
[   16.539362] raid6: using ssse3x2 recovery algorithm
[   16.562225] xor: measuring software checksum speed
[   16.612974]    prefetch64-sse:  8229.000 MB/sec
[   16.664673]    generic_sse:  7472.000 MB/sec
[   16.678191] xor: using function: prefetch64-sse (8229.000 MB/sec)
[   16.704765] async_tx: api initialized (async)
done.
Begin: Running /scripts/init-premount ... done.
Begin: Mounting root file system ... Begin: Running /scripts/local-top ... done.
Begin: Running /scripts/local-premount ... [   16.956980] Btrfs loaded, crc32c=crc32c-intel
Scanning for Btrfs filesystems
done.
Warning: fsck not present, so skipping root file system
[   17.219343] EXT4-fs (sda1): INFO: recovery required on readonly filesystem
[   17.246957] EXT4-fs (sda1): write access will be enabled during recovery
[   18.016081] EXT4-fs (sda1): recovery complete
[   18.033806] EXT4-fs (sda1): mounted filesystem with ordered data mode. Opts: (null)
done.
Begin: Running /scripts/local-bottom ... done.
Begin: Running /scripts/init-bottom ... done.
[   18.703169] ip_tables: (C) 2000-2006 Netfilter Core Team
[   18.767363] systemd[1]: systemd 237 running in system mode. (+PAM +AUDIT +SELINUX +IMA +APPARMOR +SMACK +SYSVINIT +UTMP +LIBCRYPTSETUP +GCRYPT +GNUTLS +ACL +XZ +LZ4 +SECCOMP +BLKID +ELFUTILS +KMOD -IDN2 +IDN -PCRE2 default-hierarchy=hybrid)
[   18.805396] systemd[1]: Detected virtualization oracle.
[   18.814393] systemd[1]: Detected architecture x86-64.

Welcome to [1mUbuntu 18.04.6 LTS[0m!

[   19.407040] systemd[1]: Set hostname to <ubuntu-bionic>.
[   20.696616] systemd[1]: Created slice User and Session Slice.
[[0;32m  OK  [0m] Created slice User and Session Slice.
[   20.751681] systemd[1]: Set up automount Arbitrary Executable File Formats File System Automount Point.
[[0;32m  OK  [0m] Set up automount Arbitrary Executabâ€¦rmats File System Automount Point.
[   20.830634] systemd[1]: Reached target System Time Synchronized.
[[0;32m  OK  [0m] Reached target System Time Synchronized.
[   20.903871] systemd[1]: Created slice System Slice.
[[0;32m  OK  [0m] Created slice System Slice.
[   20.960638] systemd[1]: Listening on /dev/initctl Compatibility Named Pipe.
[[0;32m  OK  [0m] Listening on /dev/initctl Compatibility Named Pipe.
[   21.018901] systemd[1]: Listening on udev Kernel Socket.
[[0;32m  OK  [0m] Listening on udev Kernel Socket.
[[0;32m  OK  [0m] Listening on Syslog Socket.
[[0;32m  OK  [0m] Listening on Journal Socket.
         Starting Uncomplicated firewall...
         Starting Create list of required stâ€¦ce nodes for the current kernel...
         Mounting Huge Pages File System...
[[0;32m  OK  [0m] Listening on Network Service Netlink Socket.
         Mounting Kernel Debug File System...
[[0;32m  OK  [0m] Created slice system-serial\x2dgetty.slice.
[[0;32m  OK  [0m] Listening on LVM2 poll daemon socket.
[[0;32m  OK  [0m] Reached target Slices.
[[0;32m  OK  [0m] Listening on LVM2 metadata daemon socket.
[[0;32m  OK  [0m] Listening on udev Control Socket.
         Starting udev Coldplug all Devices...
[[0;32m  OK  [0m] Listening on Journal Audit Socket.
         Starting Load Kernel Modules...
[[0;32m  OK  [0m] Listening on Journal Socket (/dev/log).
         Starting Journal Service...
         Mounting POSIX Message Queue File System...
[   21.625431] Loading iSCSI transport class v2.0-870.
[[0;32m  OK  [0m] Reached target Swap.
[[0;32m  OK  [0m] Listening on fsck to fsckd communication Socket.
[   21.751084] iscsi: registered transport (tcp)
         Starting File System Check on Root Device...
         Starting Set the console keyboard layout...
[[0;32m  OK  [0m] Reached target User and Group Name Lookups.
[[0;32m  OK  [0m] Started Forward Password Requests to Wall Directory Watch.
[[0;32m  OK  [0m] Listening on Device-mapper event daemon FIFOs.
         Starting Monitoring of LVM2 mirrorsâ€¦ng dmeventd or progress polling...
[[0;32m  OK  [0m] Started Uncomplicated firewall.
[[0;32m  OK  [0m] Started Create list of required staâ€¦vice nodes for the current kernel.
[[0;32m  OK  [0m] Mounted Huge Pages File System.
[[0;32m  OK  [0m] Mounted Kernel Debug File System.
[[0;32m  OK  [0m] Mounted POSIX Message Queue File System.
[[0;32m  OK  [0m] Started File System Check Daemon to report status.
         Starting Create Static Device Nodes in /dev...
[[0;32m  OK  [0m] Started udev Coldplug all Devices.
[[0;32m  OK  [0m] Started File System Check on Root Device.
[[0;32m  OK  [0m] Started Journal Service.
         Starting Remount Root and Kernel File Systems...
[[0;32m  OK  [0m] Started LVM2 metadata daemon.
[[0;32m  OK  [0m] Started Create Static Device Nodes in /dev.
[   22.276294] EXT4-fs (sda1): re-mounted. Opts: (null)
[[0;32m  OK  [0m] Started Remount Root and Kernel File Systems.
         Starting Load/Save Random Seed...
         Starting udev Kernel Device Manager...
         Starting Flush Journal to Persistent Storage...
[[0;32m  OK  [0m[   22.364612] iscsi: registered transport (iser)
] Started Monitoring of LVM2 mirrors,â€¦sing dmeventd or progress polling.
[[0;32m  OK  [0m] Started Load Kernel Modules.
         Starting Apply Kernel Variables...
         Mounting Kernel Configuration File System...
         Mounting FUSE Control File System...
[[0;32m  OK  [0m] Mounted Kernel Configuration File System.
[[0;32m  OK  [0m] Mounted FUSE Control File System.
[[0;32m  OK  [0m] Started udev Kernel Device Manager.
[[0;32m  OK  [0m] Started Load/Save Random Seed.
[   22.482483] systemd-journald[407]: Received request to flush runtime journal from PID 1
[[0;32m  OK  [0m] Started Apply Kernel Variables.
[[0;32m  OK  [0m] Started Flush Journal to Persistent Storage.
[[0;32m  OK  [0m] Found device /dev/ttyS0.
[[0;32m  OK  [0m] Listening on Load/Save RF Kill Switch Status /dev/rfkill Watch.
[[0;32m  OK  [0m] Started Set the console keyboard layout.
         Mounting Arbitrary Executable File Formats File System...
[[0;32m  OK  [0m] Started Dispatch Password Requests to Console Directory Watch.
[[0;32m  OK  [0m] Reached target Local Encrypted Volumes.
[[0;32m  OK  [0m] Reached target Local File Systems (Pre).
[[0;32m  OK  [0m] Reached target Local File Systems.
         Starting Create Volatile Files and Directories...
         Starting Set console font and keymap...
         Starting ebtables ruleset management...
         Starting AppArmor initialization...
         Starting Tell Plymouth To Write Out Runtime Data...
[[0;32m  OK  [0m] Mounted Arbitrary Executable File Formats File System.
[[0;32m  OK  [0m] Started Set console font and keymap.
[[0;32m  OK  [0m] Started Tell Plymouth To Write Out Runtime Data.
[[0;32m  OK  [0m] Started Create Volatile Files and Directories.
         Starting Update UTMP about System Boot/Shutdown...
[[0;32m  OK  [0m] Started Update UTMP about System Boot/Shutdown.
[[0;32m  OK  [0m] Started ebtables ruleset management.
[[0;32m  OK  [0m] Started AppArmor initialization.
         Starting Load AppArmor profiles managed internally by snapd...
         Starting Initial cloud-init job (pre-networking)...
[[0;32m  OK  [0m] Started Load AppArmor profiles managed internally by snapd.
[   26.907007] cloud-init[616]: Cloud-init v. 22.3.4-0ubuntu1~18.04.1 running 'init-local' at Sat, 14 Jan 2023 19:22:34 +0000. Up 26.65 seconds.
[[0;32m  OK  [0m] Started Initial cloud-init job (pre-networking).
[[0;32m  OK  [0m] Reached target Network (Pre).
         Starting Network Service...
[[0;32m  OK  [0m] Started Network Service.
         Starting Network Name Resolution...
         Starting Wait for Network to be Configured...
[[0;32m  OK  [0m] Started Network Name Resolution.
[[0;32m  OK  [0m] Reached target Host and Network Name Lookups.
[[0;32m  OK  [0m] Reached target Network.
[[0;32m  OK  [0m] Started Wait for Network to be Configured.
         Starting Initial cloud-init job (metadata service crawler)...
[   30.495360] cloud-init[698]: Cloud-init v. 22.3.4-0ubuntu1~18.04.1 running 'init' at Sat, 14 Jan 2023 19:22:38 +0000. Up 30.11 seconds.
[   30.513118] cloud-init[698]: ci-info: ++++++++++++++++++++++++++++++++++++++Net device info++++++++++++++++++++++++++++++++++++++
[   30.519126] cloud-init[698]: ci-info: +--------+------+----------------------------+---------------+--------+-------------------+
[   30.526461] cloud-init[698]: ci-info: | Device |  Up  |          Address           |      Mask     | Scope  |     Hw-Address    |
[   30.533071] cloud-init[698]: ci-info: +--------+------+----------------------------+---------------+--------+-------------------+
[   30.539354] cloud-init[698]: ci-info: | enp0s3 | True |         10.0.2.15          | 255.255.255.0 | global | 02:cf:fd:ba:38:06 |
[   30.545826] cloud-init[698]: ci-info: | enp0s3 | True | fe80::cf:fdff:feba:3806/64 |       .       |  link  | 02:cf:fd:ba:38:06 |
[   30.553097] cloud-init[698]: ci-info: |   lo   | True |         127.0.0.1          |   255.0.0.0   |  host  |         .         |
[   30.558606] cloud-init[698]: ci-info: |   lo   | True |          ::1/128           |       .       |  host  |         .         |
[   30.564517] cloud-init[698]: ci-info: +--------+------+----------------------------+---------------+--------+-------------------+
[   30.569804] cloud-init[698]: ci-info: ++++++++++++++++++++++++++++Route IPv4 info+++++++++++++++++++++++++++++
[   30.575140] cloud-init[698]: ci-info: +-------+-------------+----------+-----------------+-----------+-------+
[   30.580523] cloud-init[698]: ci-info: | Route | Destination | Gateway  |     Genmask     | Interface | Flags |
[   30.585179] cloud-init[698]: ci-info: +-------+-------------+----------+-----------------+-----------+-------+
[   30.590152] cloud-init[698]: ci-info: |   0   |   0.0.0.0   | 10.0.2.2 |     0.0.0.0     |   enp0s3  |   UG  |
[   30.594867] cloud-init[698]: ci-info: |   1   |   10.0.2.0  | 0.0.0.0  |  255.255.255.0  |   enp0s3  |   U   |
[   30.599379] cloud-init[698]: ci-info: |   2   |   10.0.2.2  | 0.0.0.0  | 255.255.255.255 |   enp0s3  |   UH  |
[   30.603687] cloud-init[698]: ci-info: +-------+-------------+----------+-----------------+-----------+-------+
[   30.607749] cloud-init[698]: ci-info: +++++++++++++++++++Route IPv6 info+++++++++++++++++++
[   30.612481] cloud-init[698]: ci-info: +-------+-------------+---------+-----------+-------+
[   30.617536] cloud-init[698]: ci-info: | Route | Destination | Gateway | Interface | Flags |
[   30.626017] cloud-init[698]: ci-info: +-------+-------------+---------+-----------+-------+
[   30.637290] cloud-init[698]: ci-info: |   1   |  fe80::/64  |    ::   |   enp0s3  |   U   |
[   30.647593] cloud-init[698]: ci-info: |   3   |    local    |    ::   |   enp0s3  |   U   |
[   30.659241] cloud-init[698]: ci-info: |   4   |   ff00::/8  |    ::   |   enp0s3  |   U   |
[   30.671215] cloud-init[698]: ci-info: +-------+-------------+---------+-----------+-------+
[[0;32m  OK  [0m] Started Initial cloud-init job (metadata service crawler).
[[0;32m  OK  [0m] Reached target Network is Online.
[[0;32m  OK  [0m] Reached target Remote File Systems (Pre).
         Mounting /vagrant...
         Starting Availability of block devices...
[[0;32m  OK  [0m] Reached target Cloud-config availability.
[[0;32m  OK  [0m] Reached target System Initialization.
[[0;32m  OK  [0m] Listening on cloud-init hotplug hook socket.
[[0;32m  OK  [0m] Started Daily Cleanup of Temporary Directories.
[[0;32m  OK  [0m] Listening on UUID daemon activation socket.
[[0;32m  OK  [0m] Started ACPI Events Check.
[[0;32m  OK  [0m] Started Discard unused blocks once a week.
         Starting Socket activation for snappy daemon.
[[0;32m  OK  [0m] Started Message of the Day.
[[0;32m  OK  [0m] Listening on ACPID Listen Socket.
         Starting LXD - unix socket.
[[0;32m  OK  [0m] Reached target Paths.
[[0;32m  OK  [0m] Started Daily apt download activities.
[[0;32m  OK  [0m] Started Daily apt upgrade and clean activities.
[[0;32m  OK  [0m] Listening on Open-iSCSI iscsid Socket.
[[0;32m  OK  [0m] Listening on D-Bus System Message Bus Socket.
[[0;32m  OK  [0m] Started Ubuntu Advantage Timer for running repeated jobs.
[[0;32m  OK  [0m] Reached target Timers.
[[0;32m  OK  [0m] Mounted /vagrant.
[[0;32m  OK  [0m] Started Availability of block devices.
[[0;32m  OK  [0m] Listening on Socket activation for snappy daemon.
[[0;32m  OK  [0m] Listening on LXD - unix socket.
[[0;32m  OK  [0m] Reached target Sockets.
[[0;32m  OK  [0m] Reached target Basic System.
[[0;32m  OK  [0m] Started FUSE filesystem for LXC.
[[0;32m  OK  [0m] Reached target Login Prompts (Pre).
[[0;32m  OK  [0m] Started Deferred execution scheduler.
         Starting OpenBSD Secure Shell server...
         Starting LXD - container startup/shutdown...
         Starting Login Service...
[[0;32m  OK  [0m] Started D-Bus System Message Bus.
         Starting Dispatcher daemon for systemd-networkd...
[[0;32m  OK  [0m] Started Regular background program processing daemon.
         Starting Virtualbox guest utils...
         Starting System Logging Service...
[[0;32m  OK  [0m] Started irqbalance daemon.
         Starting Accounts Service...
         Starting LSB: Record successful boot for GRUB...
         Starting Snap Daemon...
[[0;32m  OK  [0m] Reached target Remote File Systems.
         Starting LSB: automatic crash report generation...
         Starting Permit User Sessions...
[[0;32m  OK  [0m] Started Login Service.
[[0;32m  OK  [0m] Started Unattended Upgrades Shutdown.
[[0;32m  OK  [0m] Started OpenBSD Secure Shell server.
[[0;32m  OK  [0m] Started Permit User Sessions.
         Starting Terminate Plymouth Boot Screen...
         Starting Hold until boot process finishes up...
[[0;32m  OK  [0m] Started System Logging Service.
[[0;32m  OK  [0m] Started Hold until boot process finishes up.
[[0;32m  OK  [0m] Started Terminate Plymouth Boot Screen.
         Starting Set console scheme...
[[0;32m  OK  [0m] Started Serial Getty on ttyS0.
[[0;32m  OK  [0m] Started Set console scheme.
[[0;32m  OK  [0m] Created slice system-getty.slice.
[[0;32m  OK  [0m] Started Getty on tty1.
[[0;32m  OK  [0m] Reached target Login Prompts.
[[0;32m  OK  [0m] Started LSB: automatic crash report generation.
[[0;32m  OK  [0m] Started LSB: Record successful boot for GRUB.
         Starting Authorization Manager...
[[0;32m  OK  [0m] Created slice User Slice of vagrant.
[[0;32m  OK  [0m] Started LXD - container startup/shutdown.
         Starting User Manager for UID 1000...
[[0;32m  OK  [0m] Started Session 1 of user vagrant.
[[0;32m  OK  [0m] Started Virtualbox guest utils.
[[0;32m  OK  [0m] Started Authorization Manager.
[[0;32m  OK  [0m] Started Accounts Service.
[[0;32m  OK  [0m] Started Dispatcher daemon for systemd-networkd.
[[0;32m  OK  [0m] Started User Manager for UID 1000.
[[0;32m  OK  [0m] Started Snap Daemon.
         Starting Wait until snapd is fully seeded...
         Starting Time & Date Service...
[[0;32m  OK  [0m] Started Time & Date Service.
[[0;32m  OK  [0m] Started Wait until snapd is fully seeded.
         Starting Apply the settings specified in cloud-config...
[   38.970006] cloud-init[1056]: Cloud-init v. 22.3.4-0ubuntu1~18.04.1 running 'modules:config' at Sat, 14 Jan 2023 19:22:47 +0000. Up 38.72 seconds.

Ubuntu 18.04.6 LTS ubuntu-bionic ttyS0

ubuntu-bionic login: [   41.076633] cloud-init[1174]: Cloud-init v. 22.3.4-0ubuntu1~18.04.1 running 'modules:final' at Sat, 14 Jan 2023 19:22:48 +0000. Up 40.53 seconds.
[   41.080261] cloud-init[1174]: Cloud-init v. 22.3.4-0ubuntu1~18.04.1 finished at Sat, 14 Jan 2023 19:22:49 +0000. Datasource DataSourceNoCloud [seed=/dev/sdb][dsmode=net].  Up 41.03 seconds
